// Jest Snapshot v1, https://goo.gl/fbAQLP

exports[`App Rendering should match to snapshot 1`] = `
<Fragment>
  <Hero
    age={32}
  />
  <Navbar />
  <Profile
    age={32}
  />
  <Strengths />
  <Contact />
  <Footer />
</Fragment>
`;
